Archive member included because of file (symbol)

c:/winavr-20100110/bin/../lib/gcc/avr/4.3.3/avr5\libgcc.a(_udivmodsi4.o)
                              uart.o (__udivmodsi4)
c:/winavr-20100110/bin/../lib/gcc/avr/4.3.3/avr5\libgcc.a(_exit.o)
                              c:/winavr-20100110/bin/../lib/gcc/avr/4.3.3/../../../../avr/lib/avr5/crtm328p.o (exit)
c:/winavr-20100110/bin/../lib/gcc/avr/4.3.3/avr5\libgcc.a(_copy_data.o)
                              main.o (__do_copy_data)
c:/winavr-20100110/bin/../lib/gcc/avr/4.3.3/avr5\libgcc.a(_clear_bss.o)
                              ws2812b.o (__do_clear_bss)

Memory Configuration

Name             Origin             Length             Attributes
text             0x00000000         0x00020000         xr
data             0x00800060         0x0000ffa0         rw !x
eeprom           0x00810000         0x00010000         rw !x
fuse             0x00820000         0x00000400         rw !x
lock             0x00830000         0x00000400         rw !x
signature        0x00840000         0x00000400         rw !x
*default*        0x00000000         0xffffffff

Linker script and memory map

Address of section .data set to 0x800100
LOAD c:/winavr-20100110/bin/../lib/gcc/avr/4.3.3/../../../../avr/lib/avr5/crtm328p.o
LOAD main.o
LOAD ws2812b.o
LOAD uart.o
LOAD c:/winavr-20100110/bin/../lib/gcc/avr/4.3.3/../../../../avr/lib/avr5\libm.a
LOAD c:/winavr-20100110/bin/../lib/gcc/avr/4.3.3/avr5\libgcc.a
LOAD c:/winavr-20100110/bin/../lib/gcc/avr/4.3.3/../../../../avr/lib/avr5\libc.a
LOAD c:/winavr-20100110/bin/../lib/gcc/avr/4.3.3/avr5\libgcc.a

.hash
 *(.hash)

.dynsym
 *(.dynsym)

.dynstr
 *(.dynstr)

.gnu.version
 *(.gnu.version)

.gnu.version_d
 *(.gnu.version_d)

.gnu.version_r
 *(.gnu.version_r)

.rel.init
 *(.rel.init)

.rela.init
 *(.rela.init)

.rel.text
 *(.rel.text)
 *(.rel.text.*)
 *(.rel.gnu.linkonce.t*)

.rela.text
 *(.rela.text)
 *(.rela.text.*)
 *(.rela.gnu.linkonce.t*)

.rel.fini
 *(.rel.fini)

.rela.fini
 *(.rela.fini)

.rel.rodata
 *(.rel.rodata)
 *(.rel.rodata.*)
 *(.rel.gnu.linkonce.r*)

.rela.rodata
 *(.rela.rodata)
 *(.rela.rodata.*)
 *(.rela.gnu.linkonce.r*)

.rel.data
 *(.rel.data)
 *(.rel.data.*)
 *(.rel.gnu.linkonce.d*)

.rela.data
 *(.rela.data)
 *(.rela.data.*)
 *(.rela.gnu.linkonce.d*)

.rel.ctors
 *(.rel.ctors)

.rela.ctors
 *(.rela.ctors)

.rel.dtors
 *(.rel.dtors)

.rela.dtors
 *(.rela.dtors)

.rel.got
 *(.rel.got)

.rela.got
 *(.rela.got)

.rel.bss
 *(.rel.bss)

.rela.bss
 *(.rela.bss)

.rel.plt
 *(.rel.plt)

.rela.plt
 *(.rela.plt)

.text           0x00000000      0xf22
 *(.vectors)
 .vectors       0x00000000       0x68 c:/winavr-20100110/bin/../lib/gcc/avr/4.3.3/../../../../avr/lib/avr5/crtm328p.o
                0x00000000                __vectors
                0x00000000                __vector_default
 *(.vectors)
 *(.progmem.gcc*)
 *(.progmem*)
                0x00000068                . = ALIGN (0x2)
                0x00000068                __trampolines_start = .
 *(.trampolines)
 .trampolines   0x00000068        0x0 linker stubs
 *(.trampolines*)
                0x00000068                __trampolines_end = .
 *(.jumptables)
 *(.jumptables*)
 *(.lowtext)
 *(.lowtext*)
                0x00000068                __ctors_start = .
 *(.ctors)
                0x00000068                __ctors_end = .
                0x00000068                __dtors_start = .
 *(.dtors)
                0x00000068                __dtors_end = .
 SORT(*)(.ctors)
 SORT(*)(.dtors)
 *(.init0)
 .init0         0x00000068        0x0 c:/winavr-20100110/bin/../lib/gcc/avr/4.3.3/../../../../avr/lib/avr5/crtm328p.o
                0x00000068                __init
 *(.init0)
 *(.init1)
 *(.init1)
 *(.init2)
 .init2         0x00000068        0xc c:/winavr-20100110/bin/../lib/gcc/avr/4.3.3/../../../../avr/lib/avr5/crtm328p.o
 *(.init2)
 *(.init3)
 *(.init3)
 *(.init4)
 .init4         0x00000074       0x16 c:/winavr-20100110/bin/../lib/gcc/avr/4.3.3/avr5\libgcc.a(_copy_data.o)
                0x00000074                __do_copy_data
 .init4         0x0000008a       0x10 c:/winavr-20100110/bin/../lib/gcc/avr/4.3.3/avr5\libgcc.a(_clear_bss.o)
                0x0000008a                __do_clear_bss
 *(.init4)
 *(.init5)
 *(.init5)
 *(.init6)
 *(.init6)
 *(.init7)
 *(.init7)
 *(.init8)
 *(.init8)
 *(.init9)
 .init9         0x0000009a        0x8 c:/winavr-20100110/bin/../lib/gcc/avr/4.3.3/../../../../avr/lib/avr5/crtm328p.o
 *(.init9)
 *(.text)
 .text          0x000000a2        0x4 c:/winavr-20100110/bin/../lib/gcc/avr/4.3.3/../../../../avr/lib/avr5/crtm328p.o
                0x000000a2                __vector_22
                0x000000a2                __vector_1
                0x000000a2                __vector_24
                0x000000a2                __vector_12
                0x000000a2                __bad_interrupt
                0x000000a2                __vector_6
                0x000000a2                __vector_3
                0x000000a2                __vector_23
                0x000000a2                __vector_25
                0x000000a2                __vector_11
                0x000000a2                __vector_13
                0x000000a2                __vector_17
                0x000000a2                __vector_19
                0x000000a2                __vector_7
                0x000000a2                __vector_5
                0x000000a2                __vector_4
                0x000000a2                __vector_2
                0x000000a2                __vector_21
                0x000000a2                __vector_15
                0x000000a2                __vector_8
                0x000000a2                __vector_14
                0x000000a2                __vector_10
                0x000000a2                __vector_16
                0x000000a2                __vector_20
 .text          0x000000a6       0xcc main.o
                0x000000a6                main
 .text          0x00000172      0x2b2 ws2812b.o
                0x0000037a                WS2812B_Sync
                0x0000034e                WS2812B_send_rgb_Target
                0x000002ea                WS2812B_Send_Pixel
                0x0000041e                WS2812B_Init
                0x00000178                WS2812B_Send_Byte
                0x00000172                WS2812B_Gpio_Init
                0x0000030a                WS2812B_Pixel_Delay
                0x0000031c                WS2812B_send_rgb
 .text          0x00000424      0xab6 uart.o
                0x0000050a                UART_Rx_Byte
                0x00000bbe                UART_Data_Print_Buf
                0x000005fa                UART_Tx_SP
                0x00000bf2                UART_Error_Code_Get
                0x0000093c                UART_Tx_Number_Bin_CM
                0x00000d18                UART_RX_Packet_CRC_Check
                0x00000ce8                UART_CRC_Calculate_Block
                0x00000552                UART_Timer_Struct_Init
                0x000004d8                UART_Config_Rx
                0x00000e48                UART_Init
                0x00000a70                UART_Tx_Parameter_Bin_NL
                0x00000b4e                UART_Data_Received_CRC_Get
                0x00000a40                UART_Tx_Parameter_Hex_CM
                0x000009e0                UART_Tx_Parameter_Hex_NL
                0x000007fa                UART_Tx_Number_Bin
                0x000004ea                UART_Config_Rx_Interrupt
                0x00000b42                UART_Data_Calculated_CRC_Get
                0x000008ec                UART_Tx_Number_Hex_NL
                0x0000060a                UART_Tx_CM
                0x00000b00                UART_Buf_Flush
                0x00000aa0                UART_Tx_Parameter_Bin_SP
                0x00000ad0                UART_Tx_Parameter_Bin_CM
                0x00000bf8                UART_Error_Code_Clear
                0x00000cbc                UART_CRC_Calculate_Byte
                0x00000490                UART_Config_Clock
                0x000005a6                UART_Timer_Value_Reset
                0x0000090a                UART_Tx_Number_Hex_CM
                0x0000065a                UART_Tx_Text_CM
                0x00000b1e                UART_Buf_Get
                0x0000048e                UART_Config_GPIO
                0x000005b2                UART_Tx_Buf
                0x0000091e                UART_Tx_Number_Bin_NL
                0x00000b5a                UART_Data_CRC_Status_Get
                0x0000059e                UART_Timer_Get_Val
                0x000005dc                UART_Tx_NL
                0x000004f8                UART_Clear_Interrupt_Flag
                0x0000058a                UART_Timer_Enable
                0x000008d8                UART_Tx_Number_CM
                0x0000046e                UART_RX_Packet_Struct_Init
                0x00000980                UART_Tx_Parameter_SP
                0x00000748                UART_Tx_Number_Hex
                0x000005b0                UART_Timer_Clear_Interrupt_Flag
                0x00000592                UART_Timer_Disable
                0x00000424                UART_Struct_Init
                0x00000928                UART_Tx_Number_Bin_SP
                0x00000b66                UART_Data_Clear_Available_Flag
                0x00000598                UART_Timer_Get_Status
                0x0000063c                UART_Tx_Text_NL
                0x00000716                UART_Tx_Number
                0x00000bfe                UART_ISR_Handler
                0x00000dda                __vector_9
                0x000004c6                UART_Config_Tx
                0x00000646                UART_Tx_Text_SP
                0x000006ec                UART_Tx_Number_Digits
                0x00000b60                UART_Data_Read_Complete_Status
                0x00000492                UART_Config_BAUD_Rate
                0x00000950                UART_Tx_Parameter_NL
                0x00000a10                UART_Tx_Parameter_Hex_SP
                0x000009b0                UART_Tx_Parameter_CM
                0x0000066e                UART_Determine_Digit_Numbers
                0x00000b6c                UART_Data_Clear_Read_Complete_Flag
                0x00000b90                UART_Data_Copy_Buf
                0x000008f6                UART_Tx_Number_Hex_SP
                0x0000055c                UART_Timer_Init
                0x000008ba                UART_Tx_Number_NL
                0x00000da0                UART_Timer_ISR_Handler
                0x0000061a                UART_Tx_Text
                0x00000b28                UART_Buf_Get_Index
                0x00000b32                UART_Data_Available
                0x00000c74                __vector_18
                0x000004fa                UART_Tx_Byte
                0x00000e22                UART_RX_Packet_Read_Complete
                0x000008c4                UART_Tx_Number_SP
                0x00000b38                UART_Data_Len_Get
 .text          0x00000eda        0x0 c:/winavr-20100110/bin/../lib/gcc/avr/4.3.3/avr5\libgcc.a(_udivmodsi4.o)
 .text          0x00000eda        0x0 c:/winavr-20100110/bin/../lib/gcc/avr/4.3.3/avr5\libgcc.a(_exit.o)
 .text          0x00000eda        0x0 c:/winavr-20100110/bin/../lib/gcc/avr/4.3.3/avr5\libgcc.a(_copy_data.o)
 .text          0x00000eda        0x0 c:/winavr-20100110/bin/../lib/gcc/avr/4.3.3/avr5\libgcc.a(_clear_bss.o)
                0x00000eda                . = ALIGN (0x2)
 *(.text.*)
 .text.libgcc   0x00000eda       0x44 c:/winavr-20100110/bin/../lib/gcc/avr/4.3.3/avr5\libgcc.a(_udivmodsi4.o)
                0x00000eda                __udivmodsi4
 .text.libgcc   0x00000f1e        0x0 c:/winavr-20100110/bin/../lib/gcc/avr/4.3.3/avr5\libgcc.a(_exit.o)
 .text.libgcc   0x00000f1e        0x0 c:/winavr-20100110/bin/../lib/gcc/avr/4.3.3/avr5\libgcc.a(_copy_data.o)
 .text.libgcc   0x00000f1e        0x0 c:/winavr-20100110/bin/../lib/gcc/avr/4.3.3/avr5\libgcc.a(_clear_bss.o)
                0x00000f1e                . = ALIGN (0x2)
 *(.fini9)
 .fini9         0x00000f1e        0x0 c:/winavr-20100110/bin/../lib/gcc/avr/4.3.3/avr5\libgcc.a(_exit.o)
                0x00000f1e                exit
                0x00000f1e                _exit
 *(.fini9)
 *(.fini8)
 *(.fini8)
 *(.fini7)
 *(.fini7)
 *(.fini6)
 *(.fini6)
 *(.fini5)
 *(.fini5)
 *(.fini4)
 *(.fini4)
 *(.fini3)
 *(.fini3)
 *(.fini2)
 *(.fini2)
 *(.fini1)
 *(.fini1)
 *(.fini0)
 .fini0         0x00000f1e        0x4 c:/winavr-20100110/bin/../lib/gcc/avr/4.3.3/avr5\libgcc.a(_exit.o)
 *(.fini0)
                0x00000f22                _etext = .

.data           0x00800100       0x58 load address 0x00000f22
                0x00800100                PROVIDE (__data_start, .)
 *(.data)
 .data          0x00800100        0x0 c:/winavr-20100110/bin/../lib/gcc/avr/4.3.3/../../../../avr/lib/avr5/crtm328p.o
 .data          0x00800100       0x57 main.o
 .data          0x00800157        0x0 ws2812b.o
 .data          0x00800157        0x0 uart.o
 .data          0x00800157        0x0 c:/winavr-20100110/bin/../lib/gcc/avr/4.3.3/avr5\libgcc.a(_udivmodsi4.o)
 .data          0x00800157        0x0 c:/winavr-20100110/bin/../lib/gcc/avr/4.3.3/avr5\libgcc.a(_exit.o)
 .data          0x00800157        0x0 c:/winavr-20100110/bin/../lib/gcc/avr/4.3.3/avr5\libgcc.a(_copy_data.o)
 .data          0x00800157        0x0 c:/winavr-20100110/bin/../lib/gcc/avr/4.3.3/avr5\libgcc.a(_clear_bss.o)
 *(.data*)
 *(.rodata)
 *(.rodata*)
 *(.gnu.linkonce.d*)
                0x00800158                . = ALIGN (0x2)
 *fill*         0x00800157        0x1 00
                0x00800158                _edata = .
                0x00800158                PROVIDE (__data_end, .)

.bss            0x00800158       0x5e
                0x00800158                PROVIDE (__bss_start, .)
 *(.bss)
 .bss           0x00800158        0x0 c:/winavr-20100110/bin/../lib/gcc/avr/4.3.3/../../../../avr/lib/avr5/crtm328p.o
 .bss           0x00800158        0x0 main.o
 .bss           0x00800158        0x6 ws2812b.o
                0x00800158                WS2812B
 .bss           0x0080015e       0x58 uart.o
 .bss           0x008001b6        0x0 c:/winavr-20100110/bin/../lib/gcc/avr/4.3.3/avr5\libgcc.a(_udivmodsi4.o)
 .bss           0x008001b6        0x0 c:/winavr-20100110/bin/../lib/gcc/avr/4.3.3/avr5\libgcc.a(_exit.o)
 .bss           0x008001b6        0x0 c:/winavr-20100110/bin/../lib/gcc/avr/4.3.3/avr5\libgcc.a(_copy_data.o)
 .bss           0x008001b6        0x0 c:/winavr-20100110/bin/../lib/gcc/avr/4.3.3/avr5\libgcc.a(_clear_bss.o)
 *(.bss*)
 *(COMMON)
                0x008001b6                PROVIDE (__bss_end, .)
                0x00000f22                __data_load_start = LOADADDR (.data)
                0x00000f7a                __data_load_end = (__data_load_start + SIZEOF (.data))

.noinit         0x008001b6        0x0
                0x008001b6                PROVIDE (__noinit_start, .)
 *(.noinit*)
                0x008001b6                PROVIDE (__noinit_end, .)
                0x008001b6                _end = .
                0x008001b6                PROVIDE (__heap_start, .)

.eeprom         0x00810000        0x0
 *(.eeprom*)
                0x00810000                __eeprom_end = .

.fuse
 *(.fuse)
 *(.lfuse)
 *(.hfuse)
 *(.efuse)

.lock
 *(.lock*)

.signature
 *(.signature*)

.stab
 *(.stab)

.stabstr
 *(.stabstr)

.stab.excl
 *(.stab.excl)

.stab.exclstr
 *(.stab.exclstr)

.stab.index
 *(.stab.index)

.stab.indexstr
 *(.stab.indexstr)

.comment
 *(.comment)

.debug
 *(.debug)

.line
 *(.line)

.debug_srcinfo
 *(.debug_srcinfo)

.debug_sfnames
 *(.debug_sfnames)

.debug_aranges  0x00000000       0x60
 *(.debug_aranges)
 .debug_aranges
                0x00000000       0x20 main.o
 .debug_aranges
                0x00000020       0x20 ws2812b.o
 .debug_aranges
                0x00000040       0x20 uart.o

.debug_pubnames
                0x00000000      0x806
 *(.debug_pubnames)
 .debug_pubnames
                0x00000000       0x1b main.o
 .debug_pubnames
                0x0000001b       0xcc ws2812b.o
 .debug_pubnames
                0x000000e7      0x71f uart.o

.debug_info     0x00000000     0x1958
 *(.debug_info)
 .debug_info    0x00000000       0x8f main.o
 .debug_info    0x0000008f      0x3b0 ws2812b.o
 .debug_info    0x0000043f     0x1519 uart.o
 *(.gnu.linkonce.wi.*)

.debug_abbrev   0x00000000      0x535
 *(.debug_abbrev)
 .debug_abbrev  0x00000000       0x5d main.o
 .debug_abbrev  0x0000005d      0x1b6 ws2812b.o
 .debug_abbrev  0x00000213      0x322 uart.o

.debug_line     0x00000000     0x18f4
 *(.debug_line)
 .debug_line    0x00000000      0x191 main.o
 .debug_line    0x00000191      0x81a ws2812b.o
 .debug_line    0x000009ab      0xf49 uart.o

.debug_frame    0x00000000      0x560
 *(.debug_frame)
 .debug_frame   0x00000000       0x20 main.o
 .debug_frame   0x00000020       0x90 ws2812b.o
 .debug_frame   0x000000b0      0x4b0 uart.o

.debug_str      0x00000000      0x8f1
 *(.debug_str)
 .debug_str     0x00000000       0x7f main.o
                                 0xb3 (size before relaxing)
 .debug_str     0x0000007f      0x147 ws2812b.o
                                0x201 (size before relaxing)
 .debug_str     0x000001c6      0x72b uart.o
                                0x7f8 (size before relaxing)

.debug_loc      0x00000000      0xb61
 *(.debug_loc)
 .debug_loc     0x00000000      0x151 ws2812b.o
 .debug_loc     0x00000151      0xa10 uart.o

.debug_macinfo
 *(.debug_macinfo)
OUTPUT(main.elf elf32-avr)
LOAD linker stubs

.debug_ranges   0x00000000       0xc0
 .debug_ranges  0x00000000       0x78 ws2812b.o
 .debug_ranges  0x00000078       0x48 uart.o

Cross Reference Table

Symbol                                            File
UART_Buf_Flush                                    uart.o
UART_Buf_Get                                      uart.o
                                                  main.o
UART_Buf_Get_Index                                uart.o
UART_CRC_Calculate_Block                          uart.o
UART_CRC_Calculate_Byte                           uart.o
UART_Clear_Interrupt_Flag                         uart.o
UART_Config_BAUD_Rate                             uart.o
UART_Config_Clock                                 uart.o
UART_Config_GPIO                                  uart.o
UART_Config_Rx                                    uart.o
UART_Config_Rx_Interrupt                          uart.o
UART_Config_Tx                                    uart.o
UART_Data_Available                               uart.o
                                                  main.o
UART_Data_CRC_Status_Get                          uart.o
UART_Data_Calculated_CRC_Get                      uart.o
UART_Data_Clear_Available_Flag                    uart.o
UART_Data_Clear_Read_Complete_Flag                uart.o
UART_Data_Copy_Buf                                uart.o
UART_Data_Len_Get                                 uart.o
UART_Data_Print_Buf                               uart.o
                                                  main.o
UART_Data_Read_Complete_Status                    uart.o
UART_Data_Received_CRC_Get                        uart.o
UART_Determine_Digit_Numbers                      uart.o
UART_Error_Code_Clear                             uart.o
UART_Error_Code_Get                               uart.o
UART_ISR_Handler                                  uart.o
UART_Init                                         uart.o
                                                  main.o
UART_RX_Packet_CRC_Check                          uart.o
UART_RX_Packet_Read_Complete                      uart.o
                                                  main.o
UART_RX_Packet_Struct_Init                        uart.o
UART_Rx_Byte                                      uart.o
UART_Struct_Init                                  uart.o
UART_Timer_Clear_Interrupt_Flag                   uart.o
UART_Timer_Disable                                uart.o
UART_Timer_Enable                                 uart.o
UART_Timer_Get_Status                             uart.o
UART_Timer_Get_Val                                uart.o
UART_Timer_ISR_Handler                            uart.o
UART_Timer_Init                                   uart.o
UART_Timer_Struct_Init                            uart.o
UART_Timer_Value_Reset                            uart.o
UART_Tx_Buf                                       uart.o
UART_Tx_Byte                                      uart.o
UART_Tx_CM                                        uart.o
UART_Tx_NL                                        uart.o
UART_Tx_Number                                    uart.o
UART_Tx_Number_Bin                                uart.o
UART_Tx_Number_Bin_CM                             uart.o
UART_Tx_Number_Bin_NL                             uart.o
UART_Tx_Number_Bin_SP                             uart.o
UART_Tx_Number_CM                                 uart.o
UART_Tx_Number_Digits                             uart.o
UART_Tx_Number_Hex                                uart.o
UART_Tx_Number_Hex_CM                             uart.o
UART_Tx_Number_Hex_NL                             uart.o
UART_Tx_Number_Hex_SP                             uart.o
UART_Tx_Number_NL                                 uart.o
UART_Tx_Number_SP                                 uart.o
UART_Tx_Parameter_Bin_CM                          uart.o
UART_Tx_Parameter_Bin_NL                          uart.o
UART_Tx_Parameter_Bin_SP                          uart.o
UART_Tx_Parameter_CM                              uart.o
UART_Tx_Parameter_Hex_CM                          uart.o
UART_Tx_Parameter_Hex_NL                          uart.o
UART_Tx_Parameter_Hex_SP                          uart.o
UART_Tx_Parameter_NL                              uart.o
UART_Tx_Parameter_SP                              uart.o
UART_Tx_SP                                        uart.o
UART_Tx_Text                                      uart.o
UART_Tx_Text_CM                                   uart.o
UART_Tx_Text_NL                                   uart.o
                                                  main.o
UART_Tx_Text_SP                                   uart.o
WS2812B                                           ws2812b.o
WS2812B_Gpio_Init                                 ws2812b.o
WS2812B_Init                                      ws2812b.o
                                                  main.o
WS2812B_Pixel_Delay                               ws2812b.o
WS2812B_Send_Byte                                 ws2812b.o
WS2812B_Send_Pixel                                ws2812b.o
WS2812B_Sync                                      ws2812b.o
                                                  main.o
WS2812B_send_rgb                                  ws2812b.o
WS2812B_send_rgb_Target                           ws2812b.o
                                                  main.o
__bad_interrupt                                   c:/winavr-20100110/bin/../lib/gcc/avr/4.3.3/../../../../avr/lib/avr5/crtm328p.o
__bss_end                                         c:/winavr-20100110/bin/../lib/gcc/avr/4.3.3/avr5\libgcc.a(_clear_bss.o)
__bss_start                                       c:/winavr-20100110/bin/../lib/gcc/avr/4.3.3/avr5\libgcc.a(_clear_bss.o)
__data_end                                        c:/winavr-20100110/bin/../lib/gcc/avr/4.3.3/avr5\libgcc.a(_copy_data.o)
__data_load_start                                 c:/winavr-20100110/bin/../lib/gcc/avr/4.3.3/avr5\libgcc.a(_copy_data.o)
__data_start                                      c:/winavr-20100110/bin/../lib/gcc/avr/4.3.3/avr5\libgcc.a(_copy_data.o)
__do_clear_bss                                    c:/winavr-20100110/bin/../lib/gcc/avr/4.3.3/avr5\libgcc.a(_clear_bss.o)
                                                  uart.o
                                                  ws2812b.o
__do_copy_data                                    c:/winavr-20100110/bin/../lib/gcc/avr/4.3.3/avr5\libgcc.a(_copy_data.o)
                                                  main.o
__heap_end                                        c:/winavr-20100110/bin/../lib/gcc/avr/4.3.3/../../../../avr/lib/avr5/crtm328p.o
__init                                            c:/winavr-20100110/bin/../lib/gcc/avr/4.3.3/../../../../avr/lib/avr5/crtm328p.o
__stack                                           c:/winavr-20100110/bin/../lib/gcc/avr/4.3.3/../../../../avr/lib/avr5/crtm328p.o
__udivmodsi4                                      c:/winavr-20100110/bin/../lib/gcc/avr/4.3.3/avr5\libgcc.a(_udivmodsi4.o)
                                                  uart.o
__vector_1                                        c:/winavr-20100110/bin/../lib/gcc/avr/4.3.3/../../../../avr/lib/avr5/crtm328p.o
__vector_10                                       c:/winavr-20100110/bin/../lib/gcc/avr/4.3.3/../../../../avr/lib/avr5/crtm328p.o
__vector_11                                       c:/winavr-20100110/bin/../lib/gcc/avr/4.3.3/../../../../avr/lib/avr5/crtm328p.o
__vector_12                                       c:/winavr-20100110/bin/../lib/gcc/avr/4.3.3/../../../../avr/lib/avr5/crtm328p.o
__vector_13                                       c:/winavr-20100110/bin/../lib/gcc/avr/4.3.3/../../../../avr/lib/avr5/crtm328p.o
__vector_14                                       c:/winavr-20100110/bin/../lib/gcc/avr/4.3.3/../../../../avr/lib/avr5/crtm328p.o
__vector_15                                       c:/winavr-20100110/bin/../lib/gcc/avr/4.3.3/../../../../avr/lib/avr5/crtm328p.o
__vector_16                                       c:/winavr-20100110/bin/../lib/gcc/avr/4.3.3/../../../../avr/lib/avr5/crtm328p.o
__vector_17                                       c:/winavr-20100110/bin/../lib/gcc/avr/4.3.3/../../../../avr/lib/avr5/crtm328p.o
__vector_18                                       uart.o
                                                  c:/winavr-20100110/bin/../lib/gcc/avr/4.3.3/../../../../avr/lib/avr5/crtm328p.o
__vector_19                                       c:/winavr-20100110/bin/../lib/gcc/avr/4.3.3/../../../../avr/lib/avr5/crtm328p.o
__vector_2                                        c:/winavr-20100110/bin/../lib/gcc/avr/4.3.3/../../../../avr/lib/avr5/crtm328p.o
__vector_20                                       c:/winavr-20100110/bin/../lib/gcc/avr/4.3.3/../../../../avr/lib/avr5/crtm328p.o
__vector_21                                       c:/winavr-20100110/bin/../lib/gcc/avr/4.3.3/../../../../avr/lib/avr5/crtm328p.o
__vector_22                                       c:/winavr-20100110/bin/../lib/gcc/avr/4.3.3/../../../../avr/lib/avr5/crtm328p.o
__vector_23                                       c:/winavr-20100110/bin/../lib/gcc/avr/4.3.3/../../../../avr/lib/avr5/crtm328p.o
__vector_24                                       c:/winavr-20100110/bin/../lib/gcc/avr/4.3.3/../../../../avr/lib/avr5/crtm328p.o
__vector_25                                       c:/winavr-20100110/bin/../lib/gcc/avr/4.3.3/../../../../avr/lib/avr5/crtm328p.o
__vector_3                                        c:/winavr-20100110/bin/../lib/gcc/avr/4.3.3/../../../../avr/lib/avr5/crtm328p.o
__vector_4                                        c:/winavr-20100110/bin/../lib/gcc/avr/4.3.3/../../../../avr/lib/avr5/crtm328p.o
__vector_5                                        c:/winavr-20100110/bin/../lib/gcc/avr/4.3.3/../../../../avr/lib/avr5/crtm328p.o
__vector_6                                        c:/winavr-20100110/bin/../lib/gcc/avr/4.3.3/../../../../avr/lib/avr5/crtm328p.o
__vector_7                                        c:/winavr-20100110/bin/../lib/gcc/avr/4.3.3/../../../../avr/lib/avr5/crtm328p.o
__vector_8                                        c:/winavr-20100110/bin/../lib/gcc/avr/4.3.3/../../../../avr/lib/avr5/crtm328p.o
__vector_9                                        uart.o
                                                  c:/winavr-20100110/bin/../lib/gcc/avr/4.3.3/../../../../avr/lib/avr5/crtm328p.o
__vector_default                                  c:/winavr-20100110/bin/../lib/gcc/avr/4.3.3/../../../../avr/lib/avr5/crtm328p.o
__vectors                                         c:/winavr-20100110/bin/../lib/gcc/avr/4.3.3/../../../../avr/lib/avr5/crtm328p.o
_exit                                             c:/winavr-20100110/bin/../lib/gcc/avr/4.3.3/avr5\libgcc.a(_exit.o)
exit                                              c:/winavr-20100110/bin/../lib/gcc/avr/4.3.3/avr5\libgcc.a(_exit.o)
                                                  c:/winavr-20100110/bin/../lib/gcc/avr/4.3.3/../../../../avr/lib/avr5/crtm328p.o
main                                              main.o
                                                  c:/winavr-20100110/bin/../lib/gcc/avr/4.3.3/../../../../avr/lib/avr5/crtm328p.o
