Archive member included because of file (symbol)

c:/winavr-20100110/bin/../lib/gcc/avr/4.3.3/avr5\libgcc.a(_udivmodsi4.o)
                              uart.o (__udivmodsi4)
c:/winavr-20100110/bin/../lib/gcc/avr/4.3.3/avr5\libgcc.a(_exit.o)
                              c:/winavr-20100110/bin/../lib/gcc/avr/4.3.3/../../../../avr/lib/avr5/crtm328p.o (exit)
c:/winavr-20100110/bin/../lib/gcc/avr/4.3.3/avr5\libgcc.a(_copy_data.o)
                              main.o (__do_copy_data)
c:/winavr-20100110/bin/../lib/gcc/avr/4.3.3/avr5\libgcc.a(_clear_bss.o)
                              uart.o (__do_clear_bss)

Allocating common symbols
Common symbol       size              file

DataHandler         0xb               datahandler.o

Memory Configuration

Name             Origin             Length             Attributes
text             0x00000000         0x00020000         xr
data             0x00800060         0x0000ffa0         rw !x
eeprom           0x00810000         0x00010000         rw !x
fuse             0x00820000         0x00000400         rw !x
lock             0x00830000         0x00000400         rw !x
signature        0x00840000         0x00000400         rw !x
*default*        0x00000000         0xffffffff

Linker script and memory map

Address of section .data set to 0x800100
LOAD c:/winavr-20100110/bin/../lib/gcc/avr/4.3.3/../../../../avr/lib/avr5/crtm328p.o
LOAD main.o
LOAD ws2812b.o
LOAD uart.o
LOAD datahandler.o
LOAD c:/winavr-20100110/bin/../lib/gcc/avr/4.3.3/../../../../avr/lib/avr5\libm.a
LOAD c:/winavr-20100110/bin/../lib/gcc/avr/4.3.3/avr5\libgcc.a
LOAD c:/winavr-20100110/bin/../lib/gcc/avr/4.3.3/../../../../avr/lib/avr5\libc.a
LOAD c:/winavr-20100110/bin/../lib/gcc/avr/4.3.3/avr5\libgcc.a

.hash
 *(.hash)

.dynsym
 *(.dynsym)

.dynstr
 *(.dynstr)

.gnu.version
 *(.gnu.version)

.gnu.version_d
 *(.gnu.version_d)

.gnu.version_r
 *(.gnu.version_r)

.rel.init
 *(.rel.init)

.rela.init
 *(.rela.init)

.rel.text
 *(.rel.text)
 *(.rel.text.*)
 *(.rel.gnu.linkonce.t*)

.rela.text
 *(.rela.text)
 *(.rela.text.*)
 *(.rela.gnu.linkonce.t*)

.rel.fini
 *(.rel.fini)

.rela.fini
 *(.rela.fini)

.rel.rodata
 *(.rel.rodata)
 *(.rel.rodata.*)
 *(.rel.gnu.linkonce.r*)

.rela.rodata
 *(.rela.rodata)
 *(.rela.rodata.*)
 *(.rela.gnu.linkonce.r*)

.rel.data
 *(.rel.data)
 *(.rel.data.*)
 *(.rel.gnu.linkonce.d*)

.rela.data
 *(.rela.data)
 *(.rela.data.*)
 *(.rela.gnu.linkonce.d*)

.rel.ctors
 *(.rel.ctors)

.rela.ctors
 *(.rela.ctors)

.rel.dtors
 *(.rel.dtors)

.rela.dtors
 *(.rela.dtors)

.rel.got
 *(.rel.got)

.rela.got
 *(.rela.got)

.rel.bss
 *(.rel.bss)

.rela.bss
 *(.rela.bss)

.rel.plt
 *(.rel.plt)

.rela.plt
 *(.rela.plt)

.text           0x00000000     0x10a6
 *(.vectors)
 .vectors       0x00000000       0x68 c:/winavr-20100110/bin/../lib/gcc/avr/4.3.3/../../../../avr/lib/avr5/crtm328p.o
                0x00000000                __vectors
                0x00000000                __vector_default
 *(.vectors)
 *(.progmem.gcc*)
 *(.progmem*)
                0x00000068                . = ALIGN (0x2)
                0x00000068                __trampolines_start = .
 *(.trampolines)
 .trampolines   0x00000068        0x0 linker stubs
 *(.trampolines*)
                0x00000068                __trampolines_end = .
 *(.jumptables)
 *(.jumptables*)
 *(.lowtext)
 *(.lowtext*)
                0x00000068                __ctors_start = .
 *(.ctors)
                0x00000068                __ctors_end = .
                0x00000068                __dtors_start = .
 *(.dtors)
                0x00000068                __dtors_end = .
 SORT(*)(.ctors)
 SORT(*)(.dtors)
 *(.init0)
 .init0         0x00000068        0x0 c:/winavr-20100110/bin/../lib/gcc/avr/4.3.3/../../../../avr/lib/avr5/crtm328p.o
                0x00000068                __init
 *(.init0)
 *(.init1)
 *(.init1)
 *(.init2)
 .init2         0x00000068        0xc c:/winavr-20100110/bin/../lib/gcc/avr/4.3.3/../../../../avr/lib/avr5/crtm328p.o
 *(.init2)
 *(.init3)
 *(.init3)
 *(.init4)
 .init4         0x00000074       0x16 c:/winavr-20100110/bin/../lib/gcc/avr/4.3.3/avr5\libgcc.a(_copy_data.o)
                0x00000074                __do_copy_data
 .init4         0x0000008a       0x10 c:/winavr-20100110/bin/../lib/gcc/avr/4.3.3/avr5\libgcc.a(_clear_bss.o)
                0x0000008a                __do_clear_bss
 *(.init4)
 *(.init5)
 *(.init5)
 *(.init6)
 *(.init6)
 *(.init7)
 *(.init7)
 *(.init8)
 *(.init8)
 *(.init9)
 .init9         0x0000009a        0x8 c:/winavr-20100110/bin/../lib/gcc/avr/4.3.3/../../../../avr/lib/avr5/crtm328p.o
 *(.init9)
 *(.text)
 .text          0x000000a2        0x4 c:/winavr-20100110/bin/../lib/gcc/avr/4.3.3/../../../../avr/lib/avr5/crtm328p.o
                0x000000a2                __vector_22
                0x000000a2                __vector_1
                0x000000a2                __vector_24
                0x000000a2                __vector_12
                0x000000a2                __bad_interrupt
                0x000000a2                __vector_6
                0x000000a2                __vector_3
                0x000000a2                __vector_23
                0x000000a2                __vector_25
                0x000000a2                __vector_11
                0x000000a2                __vector_13
                0x000000a2                __vector_17
                0x000000a2                __vector_19
                0x000000a2                __vector_7
                0x000000a2                __vector_5
                0x000000a2                __vector_4
                0x000000a2                __vector_2
                0x000000a2                __vector_21
                0x000000a2                __vector_15
                0x000000a2                __vector_8
                0x000000a2                __vector_14
                0x000000a2                __vector_10
                0x000000a2                __vector_16
                0x000000a2                __vector_20
 .text          0x000000a6      0x1ec main.o
                0x000000a6                main
 .text          0x00000292      0x2c2 ws2812b.o
                0x0000049e                WS2812B_Sync
                0x0000046e                WS2812B_send_rgb_Target
                0x0000040a                WS2812B_Send_Pixel
                0x00000548                WS2812B_Set_Max_Intensity
                0x0000054e                WS2812B_Init
                0x00000298                WS2812B_Send_Byte
                0x00000292                WS2812B_Gpio_Init
                0x0000042a                WS2812B_Pixel_Delay
                0x00000542                WS2812B_Get_Max_Intensity
                0x0000043c                WS2812B_send_rgb
 .text          0x00000554      0xab6 uart.o
                0x0000063a                UART_Rx_Byte
                0x00000cee                UART_Data_Print_Buf
                0x0000072a                UART_Tx_SP
                0x00000d22                UART_Error_Code_Get
                0x00000a6c                UART_Tx_Number_Bin_CM
                0x00000e48                UART_RX_Packet_CRC_Check
                0x00000e18                UART_CRC_Calculate_Block
                0x00000682                UART_Timer_Struct_Init
                0x00000608                UART_Config_Rx
                0x00000f78                UART_Init
                0x00000ba0                UART_Tx_Parameter_Bin_NL
                0x00000c7e                UART_Data_Received_CRC_Get
                0x00000b70                UART_Tx_Parameter_Hex_CM
                0x00000b10                UART_Tx_Parameter_Hex_NL
                0x0000092a                UART_Tx_Number_Bin
                0x0000061a                UART_Config_Rx_Interrupt
                0x00000c72                UART_Data_Calculated_CRC_Get
                0x00000a1c                UART_Tx_Number_Hex_NL
                0x0000073a                UART_Tx_CM
                0x00000c30                UART_Buf_Flush
                0x00000bd0                UART_Tx_Parameter_Bin_SP
                0x00000c00                UART_Tx_Parameter_Bin_CM
                0x00000d28                UART_Error_Code_Clear
                0x00000dec                UART_CRC_Calculate_Byte
                0x000005c0                UART_Config_Clock
                0x000006d6                UART_Timer_Value_Reset
                0x00000a3a                UART_Tx_Number_Hex_CM
                0x0000078a                UART_Tx_Text_CM
                0x00000c4e                UART_Buf_Get
                0x000005be                UART_Config_GPIO
                0x000006e2                UART_Tx_Buf
                0x00000a4e                UART_Tx_Number_Bin_NL
                0x00000c8a                UART_Data_CRC_Status_Get
                0x000006ce                UART_Timer_Get_Val
                0x0000070c                UART_Tx_NL
                0x00000628                UART_Clear_Interrupt_Flag
                0x000006ba                UART_Timer_Enable
                0x00000a08                UART_Tx_Number_CM
                0x0000059e                UART_RX_Packet_Struct_Init
                0x00000ab0                UART_Tx_Parameter_SP
                0x00000878                UART_Tx_Number_Hex
                0x000006e0                UART_Timer_Clear_Interrupt_Flag
                0x000006c2                UART_Timer_Disable
                0x00000554                UART_Struct_Init
                0x00000a58                UART_Tx_Number_Bin_SP
                0x00000c96                UART_Data_Clear_Available_Flag
                0x000006c8                UART_Timer_Get_Status
                0x0000076c                UART_Tx_Text_NL
                0x00000846                UART_Tx_Number
                0x00000d2e                UART_ISR_Handler
                0x00000f0a                __vector_9
                0x000005f6                UART_Config_Tx
                0x00000776                UART_Tx_Text_SP
                0x0000081c                UART_Tx_Number_Digits
                0x00000c90                UART_Data_Read_Complete_Status
                0x000005c2                UART_Config_BAUD_Rate
                0x00000a80                UART_Tx_Parameter_NL
                0x00000b40                UART_Tx_Parameter_Hex_SP
                0x00000ae0                UART_Tx_Parameter_CM
                0x0000079e                UART_Determine_Digit_Numbers
                0x00000c9c                UART_Data_Clear_Read_Complete_Flag
                0x00000cc0                UART_Data_Copy_Buf
                0x00000a26                UART_Tx_Number_Hex_SP
                0x0000068c                UART_Timer_Init
                0x000009ea                UART_Tx_Number_NL
                0x00000ed0                UART_Timer_ISR_Handler
                0x0000074a                UART_Tx_Text
                0x00000c58                UART_Buf_Get_Index
                0x00000c62                UART_Data_Available
                0x00000da4                __vector_18
                0x0000062a                UART_Tx_Byte
                0x00000f52                UART_RX_Packet_Read_Complete
                0x000009f4                UART_Tx_Number_SP
                0x00000c68                UART_Data_Len_Get
 .text          0x0000100a       0x54 datahandler.o
                0x00001040                DataHandler_Char_To_Dec
                0x0000104c                DataHandler_Init
                0x0000102c                DataHandler_Buf_Get
                0x0000101c                DataHandler_Buf_Assign
                0x0000100a                DataHandler_Buf_Flush
 .text          0x0000105e        0x0 c:/winavr-20100110/bin/../lib/gcc/avr/4.3.3/avr5\libgcc.a(_udivmodsi4.o)
 .text          0x0000105e        0x0 c:/winavr-20100110/bin/../lib/gcc/avr/4.3.3/avr5\libgcc.a(_exit.o)
 .text          0x0000105e        0x0 c:/winavr-20100110/bin/../lib/gcc/avr/4.3.3/avr5\libgcc.a(_copy_data.o)
 .text          0x0000105e        0x0 c:/winavr-20100110/bin/../lib/gcc/avr/4.3.3/avr5\libgcc.a(_clear_bss.o)
                0x0000105e                . = ALIGN (0x2)
 *(.text.*)
 .text.libgcc   0x0000105e       0x44 c:/winavr-20100110/bin/../lib/gcc/avr/4.3.3/avr5\libgcc.a(_udivmodsi4.o)
                0x0000105e                __udivmodsi4
 .text.libgcc   0x000010a2        0x0 c:/winavr-20100110/bin/../lib/gcc/avr/4.3.3/avr5\libgcc.a(_exit.o)
 .text.libgcc   0x000010a2        0x0 c:/winavr-20100110/bin/../lib/gcc/avr/4.3.3/avr5\libgcc.a(_copy_data.o)
 .text.libgcc   0x000010a2        0x0 c:/winavr-20100110/bin/../lib/gcc/avr/4.3.3/avr5\libgcc.a(_clear_bss.o)
                0x000010a2                . = ALIGN (0x2)
 *(.fini9)
 .fini9         0x000010a2        0x0 c:/winavr-20100110/bin/../lib/gcc/avr/4.3.3/avr5\libgcc.a(_exit.o)
                0x000010a2                exit
                0x000010a2                _exit
 *(.fini9)
 *(.fini8)
 *(.fini8)
 *(.fini7)
 *(.fini7)
 *(.fini6)
 *(.fini6)
 *(.fini5)
 *(.fini5)
 *(.fini4)
 *(.fini4)
 *(.fini3)
 *(.fini3)
 *(.fini2)
 *(.fini2)
 *(.fini1)
 *(.fini1)
 *(.fini0)
 .fini0         0x000010a2        0x4 c:/winavr-20100110/bin/../lib/gcc/avr/4.3.3/avr5\libgcc.a(_exit.o)
 *(.fini0)
                0x000010a6                _etext = .

.data           0x00800100       0x78 load address 0x000010a6
                0x00800100                PROVIDE (__data_start, .)
 *(.data)
 .data          0x00800100        0x0 c:/winavr-20100110/bin/../lib/gcc/avr/4.3.3/../../../../avr/lib/avr5/crtm328p.o
 .data          0x00800100       0x71 main.o
 .data          0x00800171        0x7 ws2812b.o
                0x00800171                WS2812B
 .data          0x00800178        0x0 uart.o
 .data          0x00800178        0x0 datahandler.o
 .data          0x00800178        0x0 c:/winavr-20100110/bin/../lib/gcc/avr/4.3.3/avr5\libgcc.a(_udivmodsi4.o)
 .data          0x00800178        0x0 c:/winavr-20100110/bin/../lib/gcc/avr/4.3.3/avr5\libgcc.a(_exit.o)
 .data          0x00800178        0x0 c:/winavr-20100110/bin/../lib/gcc/avr/4.3.3/avr5\libgcc.a(_copy_data.o)
 .data          0x00800178        0x0 c:/winavr-20100110/bin/../lib/gcc/avr/4.3.3/avr5\libgcc.a(_clear_bss.o)
 *(.data*)
 *(.rodata)
 *(.rodata*)
 *(.gnu.linkonce.d*)
                0x00800178                . = ALIGN (0x2)
                0x00800178                _edata = .
                0x00800178                PROVIDE (__data_end, .)

.bss            0x00800178       0x63
                0x00800178                PROVIDE (__bss_start, .)
 *(.bss)
 .bss           0x00800178        0x0 c:/winavr-20100110/bin/../lib/gcc/avr/4.3.3/../../../../avr/lib/avr5/crtm328p.o
 .bss           0x00800178        0x0 main.o
 .bss           0x00800178        0x0 ws2812b.o
 .bss           0x00800178       0x58 uart.o
 .bss           0x008001d0        0x0 datahandler.o
 .bss           0x008001d0        0x0 c:/winavr-20100110/bin/../lib/gcc/avr/4.3.3/avr5\libgcc.a(_udivmodsi4.o)
 .bss           0x008001d0        0x0 c:/winavr-20100110/bin/../lib/gcc/avr/4.3.3/avr5\libgcc.a(_exit.o)
 .bss           0x008001d0        0x0 c:/winavr-20100110/bin/../lib/gcc/avr/4.3.3/avr5\libgcc.a(_copy_data.o)
 .bss           0x008001d0        0x0 c:/winavr-20100110/bin/../lib/gcc/avr/4.3.3/avr5\libgcc.a(_clear_bss.o)
 *(.bss*)
 *(COMMON)
 COMMON         0x008001d0        0xb datahandler.o
                0x008001d0                DataHandler
                0x008001db                PROVIDE (__bss_end, .)
                0x000010a6                __data_load_start = LOADADDR (.data)
                0x0000111e                __data_load_end = (__data_load_start + SIZEOF (.data))

.noinit         0x008001db        0x0
                0x008001db                PROVIDE (__noinit_start, .)
 *(.noinit*)
                0x008001db                PROVIDE (__noinit_end, .)
                0x008001db                _end = .
                0x008001db                PROVIDE (__heap_start, .)

.eeprom         0x00810000        0x0
 *(.eeprom*)
                0x00810000                __eeprom_end = .

.fuse
 *(.fuse)
 *(.lfuse)
 *(.hfuse)
 *(.efuse)

.lock
 *(.lock*)

.signature
 *(.signature*)

.stab
 *(.stab)

.stabstr
 *(.stabstr)

.stab.excl
 *(.stab.excl)

.stab.exclstr
 *(.stab.exclstr)

.stab.index
 *(.stab.index)

.stab.indexstr
 *(.stab.indexstr)

.comment
 *(.comment)

.debug
 *(.debug)

.line
 *(.line)

.debug_srcinfo
 *(.debug_srcinfo)

.debug_sfnames
 *(.debug_sfnames)

.debug_aranges  0x00000000       0x80
 *(.debug_aranges)
 .debug_aranges
                0x00000000       0x20 main.o
 .debug_aranges
                0x00000020       0x20 ws2812b.o
 .debug_aranges
                0x00000040       0x20 uart.o
 .debug_aranges
                0x00000060       0x20 datahandler.o

.debug_pubnames
                0x00000000      0x8e2
 *(.debug_pubnames)
 .debug_pubnames
                0x00000000       0x1b main.o
 .debug_pubnames
                0x0000001b      0x108 ws2812b.o
 .debug_pubnames
                0x00000123      0x71f uart.o
 .debug_pubnames
                0x00000842       0xa0 datahandler.o

.debug_info     0x00000000     0x1ba6
 *(.debug_info)
 .debug_info    0x00000000       0xbc main.o
 .debug_info    0x000000bc      0x3fd ws2812b.o
 .debug_info    0x000004b9     0x1519 uart.o
 .debug_info    0x000019d2      0x1d4 datahandler.o
 *(.gnu.linkonce.wi.*)

.debug_abbrev   0x00000000      0x6cf
 *(.debug_abbrev)
 .debug_abbrev  0x00000000       0x82 main.o
 .debug_abbrev  0x00000082      0x1dc ws2812b.o
 .debug_abbrev  0x0000025e      0x322 uart.o
 .debug_abbrev  0x00000580      0x14f datahandler.o

.debug_line     0x00000000     0x1aee
 *(.debug_line)
 .debug_line    0x00000000      0x221 main.o
 .debug_line    0x00000221      0x842 ws2812b.o
 .debug_line    0x00000a63      0xf49 uart.o
 .debug_line    0x000019ac      0x142 datahandler.o

.debug_frame    0x00000000      0x5e0
 *(.debug_frame)
 .debug_frame   0x00000000       0x20 main.o
 .debug_frame   0x00000020       0xb0 ws2812b.o
 .debug_frame   0x000000d0      0x4b0 uart.o
 .debug_frame   0x00000580       0x60 datahandler.o

.debug_str      0x00000000      0x9e0
 *(.debug_str)
 .debug_str     0x00000000       0x9b main.o
                                 0xcf (size before relaxing)
 .debug_str     0x0000009b      0x181 ws2812b.o
                                0x245 (size before relaxing)
 .debug_str     0x0000021c      0x72b uart.o
                                0x801 (size before relaxing)
 .debug_str     0x00000947       0x99 datahandler.o
                                0x154 (size before relaxing)

.debug_loc      0x00000000      0xc12
 *(.debug_loc)
 .debug_loc     0x00000000       0x58 main.o
 .debug_loc     0x00000058      0x11d ws2812b.o
 .debug_loc     0x00000175      0xa10 uart.o
 .debug_loc     0x00000b85       0x8d datahandler.o

.debug_macinfo
 *(.debug_macinfo)
OUTPUT(main.elf elf32-avr)
LOAD linker stubs

.debug_ranges   0x00000000       0xc0
 .debug_ranges  0x00000000       0x78 ws2812b.o
 .debug_ranges  0x00000078       0x48 uart.o

Cross Reference Table

Symbol                                            File
DataHandler                                       datahandler.o
DataHandler_Buf_Assign                            datahandler.o
                                                  main.o
DataHandler_Buf_Flush                             datahandler.o
                                                  main.o
DataHandler_Buf_Get                               datahandler.o
                                                  main.o
DataHandler_Char_To_Dec                           datahandler.o
                                                  main.o
DataHandler_Init                                  datahandler.o
UART_Buf_Flush                                    uart.o
UART_Buf_Get                                      uart.o
                                                  main.o
UART_Buf_Get_Index                                uart.o
UART_CRC_Calculate_Block                          uart.o
UART_CRC_Calculate_Byte                           uart.o
UART_Clear_Interrupt_Flag                         uart.o
UART_Config_BAUD_Rate                             uart.o
UART_Config_Clock                                 uart.o
UART_Config_GPIO                                  uart.o
UART_Config_Rx                                    uart.o
UART_Config_Rx_Interrupt                          uart.o
UART_Config_Tx                                    uart.o
UART_Data_Available                               uart.o
                                                  main.o
UART_Data_CRC_Status_Get                          uart.o
UART_Data_Calculated_CRC_Get                      uart.o
UART_Data_Clear_Available_Flag                    uart.o
UART_Data_Clear_Read_Complete_Flag                uart.o
UART_Data_Copy_Buf                                uart.o
UART_Data_Len_Get                                 uart.o
UART_Data_Print_Buf                               uart.o
                                                  main.o
UART_Data_Read_Complete_Status                    uart.o
UART_Data_Received_CRC_Get                        uart.o
UART_Determine_Digit_Numbers                      uart.o
UART_Error_Code_Clear                             uart.o
UART_Error_Code_Get                               uart.o
UART_ISR_Handler                                  uart.o
UART_Init                                         uart.o
                                                  main.o
UART_RX_Packet_CRC_Check                          uart.o
UART_RX_Packet_Read_Complete                      uart.o
                                                  main.o
UART_RX_Packet_Struct_Init                        uart.o
UART_Rx_Byte                                      uart.o
UART_Struct_Init                                  uart.o
UART_Timer_Clear_Interrupt_Flag                   uart.o
UART_Timer_Disable                                uart.o
UART_Timer_Enable                                 uart.o
UART_Timer_Get_Status                             uart.o
UART_Timer_Get_Val                                uart.o
UART_Timer_ISR_Handler                            uart.o
UART_Timer_Init                                   uart.o
UART_Timer_Struct_Init                            uart.o
UART_Timer_Value_Reset                            uart.o
UART_Tx_Buf                                       uart.o
UART_Tx_Byte                                      uart.o
UART_Tx_CM                                        uart.o
UART_Tx_NL                                        uart.o
UART_Tx_Number                                    uart.o
UART_Tx_Number_Bin                                uart.o
UART_Tx_Number_Bin_CM                             uart.o
UART_Tx_Number_Bin_NL                             uart.o
UART_Tx_Number_Bin_SP                             uart.o
UART_Tx_Number_CM                                 uart.o
UART_Tx_Number_Digits                             uart.o
UART_Tx_Number_Hex                                uart.o
UART_Tx_Number_Hex_CM                             uart.o
UART_Tx_Number_Hex_NL                             uart.o
UART_Tx_Number_Hex_SP                             uart.o
UART_Tx_Number_NL                                 uart.o
UART_Tx_Number_SP                                 uart.o
UART_Tx_Parameter_Bin_CM                          uart.o
UART_Tx_Parameter_Bin_NL                          uart.o
UART_Tx_Parameter_Bin_SP                          uart.o
UART_Tx_Parameter_CM                              uart.o
UART_Tx_Parameter_Hex_CM                          uart.o
UART_Tx_Parameter_Hex_NL                          uart.o
UART_Tx_Parameter_Hex_SP                          uart.o
UART_Tx_Parameter_NL                              uart.o
                                                  main.o
UART_Tx_Parameter_SP                              uart.o
UART_Tx_SP                                        uart.o
UART_Tx_Text                                      uart.o
UART_Tx_Text_CM                                   uart.o
UART_Tx_Text_NL                                   uart.o
                                                  main.o
UART_Tx_Text_SP                                   uart.o
WS2812B                                           ws2812b.o
WS2812B_Get_Max_Intensity                         ws2812b.o
                                                  main.o
WS2812B_Gpio_Init                                 ws2812b.o
WS2812B_Init                                      ws2812b.o
                                                  main.o
WS2812B_Pixel_Delay                               ws2812b.o
WS2812B_Send_Byte                                 ws2812b.o
WS2812B_Send_Pixel                                ws2812b.o
WS2812B_Set_Max_Intensity                         ws2812b.o
                                                  main.o
WS2812B_Sync                                      ws2812b.o
                                                  main.o
WS2812B_send_rgb                                  ws2812b.o
WS2812B_send_rgb_Target                           ws2812b.o
                                                  main.o
__bad_interrupt                                   c:/winavr-20100110/bin/../lib/gcc/avr/4.3.3/../../../../avr/lib/avr5/crtm328p.o
__bss_end                                         c:/winavr-20100110/bin/../lib/gcc/avr/4.3.3/avr5\libgcc.a(_clear_bss.o)
__bss_start                                       c:/winavr-20100110/bin/../lib/gcc/avr/4.3.3/avr5\libgcc.a(_clear_bss.o)
__data_end                                        c:/winavr-20100110/bin/../lib/gcc/avr/4.3.3/avr5\libgcc.a(_copy_data.o)
__data_load_start                                 c:/winavr-20100110/bin/../lib/gcc/avr/4.3.3/avr5\libgcc.a(_copy_data.o)
__data_start                                      c:/winavr-20100110/bin/../lib/gcc/avr/4.3.3/avr5\libgcc.a(_copy_data.o)
__do_clear_bss                                    c:/winavr-20100110/bin/../lib/gcc/avr/4.3.3/avr5\libgcc.a(_clear_bss.o)
                                                  datahandler.o
                                                  uart.o
__do_copy_data                                    c:/winavr-20100110/bin/../lib/gcc/avr/4.3.3/avr5\libgcc.a(_copy_data.o)
                                                  ws2812b.o
                                                  main.o
__heap_end                                        c:/winavr-20100110/bin/../lib/gcc/avr/4.3.3/../../../../avr/lib/avr5/crtm328p.o
__init                                            c:/winavr-20100110/bin/../lib/gcc/avr/4.3.3/../../../../avr/lib/avr5/crtm328p.o
__stack                                           c:/winavr-20100110/bin/../lib/gcc/avr/4.3.3/../../../../avr/lib/avr5/crtm328p.o
__udivmodsi4                                      c:/winavr-20100110/bin/../lib/gcc/avr/4.3.3/avr5\libgcc.a(_udivmodsi4.o)
                                                  uart.o
__vector_1                                        c:/winavr-20100110/bin/../lib/gcc/avr/4.3.3/../../../../avr/lib/avr5/crtm328p.o
__vector_10                                       c:/winavr-20100110/bin/../lib/gcc/avr/4.3.3/../../../../avr/lib/avr5/crtm328p.o
__vector_11                                       c:/winavr-20100110/bin/../lib/gcc/avr/4.3.3/../../../../avr/lib/avr5/crtm328p.o
__vector_12                                       c:/winavr-20100110/bin/../lib/gcc/avr/4.3.3/../../../../avr/lib/avr5/crtm328p.o
__vector_13                                       c:/winavr-20100110/bin/../lib/gcc/avr/4.3.3/../../../../avr/lib/avr5/crtm328p.o
__vector_14                                       c:/winavr-20100110/bin/../lib/gcc/avr/4.3.3/../../../../avr/lib/avr5/crtm328p.o
__vector_15                                       c:/winavr-20100110/bin/../lib/gcc/avr/4.3.3/../../../../avr/lib/avr5/crtm328p.o
__vector_16                                       c:/winavr-20100110/bin/../lib/gcc/avr/4.3.3/../../../../avr/lib/avr5/crtm328p.o
__vector_17                                       c:/winavr-20100110/bin/../lib/gcc/avr/4.3.3/../../../../avr/lib/avr5/crtm328p.o
__vector_18                                       uart.o
                                                  c:/winavr-20100110/bin/../lib/gcc/avr/4.3.3/../../../../avr/lib/avr5/crtm328p.o
__vector_19                                       c:/winavr-20100110/bin/../lib/gcc/avr/4.3.3/../../../../avr/lib/avr5/crtm328p.o
__vector_2                                        c:/winavr-20100110/bin/../lib/gcc/avr/4.3.3/../../../../avr/lib/avr5/crtm328p.o
__vector_20                                       c:/winavr-20100110/bin/../lib/gcc/avr/4.3.3/../../../../avr/lib/avr5/crtm328p.o
__vector_21                                       c:/winavr-20100110/bin/../lib/gcc/avr/4.3.3/../../../../avr/lib/avr5/crtm328p.o
__vector_22                                       c:/winavr-20100110/bin/../lib/gcc/avr/4.3.3/../../../../avr/lib/avr5/crtm328p.o
__vector_23                                       c:/winavr-20100110/bin/../lib/gcc/avr/4.3.3/../../../../avr/lib/avr5/crtm328p.o
__vector_24                                       c:/winavr-20100110/bin/../lib/gcc/avr/4.3.3/../../../../avr/lib/avr5/crtm328p.o
__vector_25                                       c:/winavr-20100110/bin/../lib/gcc/avr/4.3.3/../../../../avr/lib/avr5/crtm328p.o
__vector_3                                        c:/winavr-20100110/bin/../lib/gcc/avr/4.3.3/../../../../avr/lib/avr5/crtm328p.o
__vector_4                                        c:/winavr-20100110/bin/../lib/gcc/avr/4.3.3/../../../../avr/lib/avr5/crtm328p.o
__vector_5                                        c:/winavr-20100110/bin/../lib/gcc/avr/4.3.3/../../../../avr/lib/avr5/crtm328p.o
__vector_6                                        c:/winavr-20100110/bin/../lib/gcc/avr/4.3.3/../../../../avr/lib/avr5/crtm328p.o
__vector_7                                        c:/winavr-20100110/bin/../lib/gcc/avr/4.3.3/../../../../avr/lib/avr5/crtm328p.o
__vector_8                                        c:/winavr-20100110/bin/../lib/gcc/avr/4.3.3/../../../../avr/lib/avr5/crtm328p.o
__vector_9                                        uart.o
                                                  c:/winavr-20100110/bin/../lib/gcc/avr/4.3.3/../../../../avr/lib/avr5/crtm328p.o
__vector_default                                  c:/winavr-20100110/bin/../lib/gcc/avr/4.3.3/../../../../avr/lib/avr5/crtm328p.o
__vectors                                         c:/winavr-20100110/bin/../lib/gcc/avr/4.3.3/../../../../avr/lib/avr5/crtm328p.o
_exit                                             c:/winavr-20100110/bin/../lib/gcc/avr/4.3.3/avr5\libgcc.a(_exit.o)
exit                                              c:/winavr-20100110/bin/../lib/gcc/avr/4.3.3/avr5\libgcc.a(_exit.o)
                                                  c:/winavr-20100110/bin/../lib/gcc/avr/4.3.3/../../../../avr/lib/avr5/crtm328p.o
main                                              main.o
                                                  c:/winavr-20100110/bin/../lib/gcc/avr/4.3.3/../../../../avr/lib/avr5/crtm328p.o
